// Jest Snapshot v1, https://goo.gl/fbAQLP

exports[`App component renders correctly 1`] = `
<div
  id="app"
>
  <header>
    <h1>
      Square Clicker
    </h1>
  </header>
   
  <board-stub
    handleclick="function () { [native code] }"
  />
   
  <sidebar-stub
    handleflip="function () { [native code] }"
    handlereset="function () { [native code] }"
    history=""
  />
</div>
`;
